// Jest Snapshot v1, https://goo.gl/fbAQLP

exports[`FilterGroup.tsx Renders the app and matches snapshot 1`] = `"<div class=\\"filter-group\\"><div class=\\"filter-group-header\\">Categorie</div><ul class=\\"filter-group-options-list\\"><li><input type=\\"checkbox\\" name=\\"tpcategorie-Vin blanc\\" id=\\"tpcategorie-Vin blanc\\"/><label class=\\"filter-group-label checkbox\\" for=\\"tpcategorie-Vin blanc\\"><span class=\\"filter-group-option-name\\" title=\\"Vin blanc\\">Vin blanc</span><span class=\\"filter-group-option-count\\">6</span></label></li><li><input type=\\"checkbox\\" name=\\"tpcategorie-Vin rouge\\" id=\\"tpcategorie-Vin rouge\\"/><label class=\\"filter-group-label checkbox\\" for=\\"tpcategorie-Vin rouge\\"><span class=\\"filter-group-option-name\\" title=\\"Vin rouge\\">Vin rouge</span><span class=\\"filter-group-option-count\\">8</span></label></li></ul></div>"`;
