// Jest Snapshot v1, https://goo.gl/fbAQLP

exports[`Header.tsx Renders the header and matches snapshot 1`] = `"<header class=\\"header-container\\"><div class=\\"header-title\\">SAQ</div><div class=\\"header-filter-button\\"><div class=\\"filter-open\\"></div></div><div class=\\"search-form\\"><input type=\\"text\\" class=\\"search-form-text\\" value=\\"Curator\\"/><div class=\\"search-form-button\\"><div class=\\"search-icon icon-background\\"></div></div></div></header>"`;
