// Jest Snapshot v1, https://goo.gl/fbAQLP

exports[`Searchbar.tsx Renders the app and matches snapshot 1`] = `"<div class=\\"search-form\\"><input type=\\"text\\" class=\\"search-form-text\\" value=\\"Avalon\\"/><div class=\\"search-form-button\\"><div class=\\"search-icon icon-background\\"></div></div></div>"`;
